ets Jul 29 2019 12:21:46

rst:0x1 (POWERON_RESET),boot:0x17 (SPI_�ets Jul 29 2019 12:21:46

rst:0x1 (POWERON_RESET),boot:0x17 (SPI_FAST_FLASH_BOOT)
configsip: 153911750, SPIWP:0xee
clk_drv:0x00,q_drv:0x00,d_drv:0x00,cs0_drv:0x00,hd_drv:0x00,wp_drv:0x00
mode:DIO, clock div:2
load:0x3fff0030,len:6276
load:0x40078000,len:15736
load:0x40080400,len:4
load:0x40080404,len:3860
entry 0x4008063c
[0;32mI (30) boot: ESP-IDF v5.4.2 2nd stage bootloader[0m
[0;32mI (30) boot: compile time Mar 30 2026 22:25:37[0m
[0;32mI (30) boot: Multicore bootloader[0m
[0;32mI (31) boot: chip revision: v3.1[0m
[0;32mI (34) boot.esp32: SPI Speed      : 40MHz[0m
[0;32mI (38) boot.esp32: SPI Mode       : DIO[0m
[0;32mI (42) boot.esp32: SPI Flash Size : 2MB[0m
[0;32mI (45) boot: Enabling RNG early entropy source...[0m
[0;32mI (50) boot: Partition Table:[0m
[0;32mI (52) boot: ## Label            Usage          Type ST Offset   Length[0m
[0;32mI (59) boot:  0 nvs              WiFi data        01 02 00009000 00006000[0m
[0;32mI (65) boot:  1 phy_init         RF data          01 01 0000f000 00001000[0m
[0;32mI (72) boot:  2 factory          factory app      00 00 00010000 00100000[0m
[0;32mI (78) boot: End of partition table[0m
[0;32mI (81) esp_image: segment 0: paddr=00010020 vaddr=3f400020 size=2506ch (151660) map[0m
[0;32mI (141) esp_image: segment 1: paddr=00035094 vaddr=3ff80000 size=0001ch (    28) load[0m
[0;32mI (141) esp_image: segment 2: paddr=000350b8 vaddr=3ffb0000 size=03ff8h ( 16376) load[0m
[0;32mI (151) esp_image: segment 3: paddr=000390b8 vaddr=40080000 size=06f60h ( 28512) load[0m
[0;32mI (163) esp_image: segment 4: paddr=00040020 vaddr=400d0020 size=a8d40h (691520) map[0m
[0;32mI (400) esp_image: segment 5: paddr=000e8d68 vaddr=40086f60 size=10c44h ( 68676) load[0m
[0;32mI (427) esp_image: segment 6: paddr=000f99b4 vaddr=50000000 size=00738h (  1848) load[0m
[0;32mI (439) boot: Loaded app from partition at offset 0x10000[0m
[0;32mI (440) boot: Disabling RNG early entropy source...[0m
[0;32mI (450) cpu_start: Multicore app[0m
[0;32mI (458) cpu_start: Pro cpu start user code[0m
[0;32mI (458) cpu_start: cpu freq: 160000000 Hz[0m
[0;32mI (459) app_init: Application information:[0m
[0;32mI (459) app_init: Project name:     main[0m
[0;32mI (462) app_init: App version:      1[0m
[0;32mI (466) app_init: Compile time:     Mar 30 2026 21:46:47[0m
[0;32mI (471) app_init: ELF file SHA256:  b01940ecd...[0m
[0;32mI (475) app_init: ESP-IDF:          v5.4.2[0m
[0;32mI (479) efuse_init: Min chip rev:     v0.0[0m
[0;32mI (483) efuse_init: Max chip rev:     v3.99 [0m
[0;32mI (487) efuse_init: Chip rev:         v3.1[0m
[0;32mI (491) heap_init: Initializing. RAM available for dynamic allocation:[0m
[0;32mI (497) heap_init: At 3FFAE6E0 len 00001920 (6 KiB): DRAM[0m
[0;32mI (502) heap_init: At 3FFB8F40 len 000270C0 (156 KiB): DRAM[0m
[0;32mI (507) heap_init: At 3FFE0440 len 00003AE0 (14 KiB): D/IRAM[0m
[0;32mI (512) heap_init: At 3FFE4350 len 0001BCB0 (111 KiB): D/IRAM[0m
[0;32mI (518) heap_init: At 40097BA4 len 0000845C (33 KiB): IRAM[0m
[0;32mI (525) spi_flash: detected chip: gd[0m
[0;32mI (526) spi_flash: flash io: dio[0m
[0;33mW (529) spi_flash: Detected size(8192k) larger than the size in the binary image header(2048k). Using the size in the binary image header.[0m
[0;32mI (543) main_task: Started on CPU0[0m
[0;32mI (553) main_task: Calling app_main()[0m
[0;32mI (553) gpio: GPIO[0]| InputEn: 1| OutputEn: 0| OpenDrain: 0| Pullup: 1| Pulldown: 0| Intr:0 [0m
[0;32mI (603) wifi:wifi driver task: 3ffc453c, prio:23, stack:6656, core=0[0m
[0;33mW (613) DHT11: Doc DHT11 that bai[0m
[0;32mI (613) wifi:wifi firmware version: bea31f3[0m
[0;32mI (623) wifi:wifi certification version: v7.0[0m
[0;32mI (623) wifi:config NVS flash: enabled[0m
[0;32mI (623) wifi:config nano formatting: disabled[0m
[0;32mI (623) wifi:Init data frame dynamic rx buffer num: 32[0m
[0;32mI (623) wifi:Init static rx mgmt buffer num: 5[0m
[0;32mI (633) wifi:Init management short buffer num: 32[0m
[0;32mI (633) wifi:Init dynamic tx buffer num: 32[0m
[0;32mI (643) wifi:Init static rx buffer size: 1600[0m
[0;32mI (643) wifi:Init static rx buffer num: 10[0m
[0;32mI (643) wifi:Init dynamic rx buffer num: 32[0m
[0;32mI (653) wifi_init: rx ba win: 6[0m
[0;32mI (653) wifi_init: accept mbox: 6[0m
[0;32mI (653) wifi_init: tcpip mbox: 32[0m
[0;32mI (663) wifi_init: udp mbox: 6[0m
[0;32mI (663) wifi_init: tcp mbox: 6[0m
[0;32mI (663) wifi_init: tcp tx win: 5760[0m
[0;32mI (673) wifi_init: tcp rx win: 5760[0m
[0;32mI (673) wifi_init: tcp mss: 1440[0m
[0;32mI (673) wifi_init: WiFi IRAM OP enabled[0m
[0;32mI (683) wifi_init: WiFi RX IRAM OP enabled[0m
[0;32mI (693) phy_init: phy_version 4860,6b7a6e5,Feb  6 2025,14:47:07[0m
[0;32mI (773) wifi:mode : sta (8c:4f:00:a2:bf:60) + softAP (8c:4f:00:a2:bf:61)[0m
[0;32mI (773) wifi:enable tsf[0m
[0;32mI (773) wifi:Total power save buffer number: 16[0m
[0;32mI (773)���:Init max length of beaco: 752/752[0m
[0;32mI (783) wifi:Init max length of beacon: 752/752[0m
[0;32mI (783) ESP_WEB:  WiFi AP started. SSID: Smart Home Device [0m
[0;32mI (793) esp_netif_lwip: DHCP server started on interface WIFI_AP_DEF with IP: 192.168.4.1[0m
[0;32mI (793) wifi:ap channel adjust o:1,1 n:10,2[0m
[0;32mI (803) ESP_WEB:  Web server started! Connect to WiFi AP 'Smart home device' and open http://192.168.4.1/[0m
[0;32mI (803) wifi:new:<10,0>, old:<1,1>, ap:<10,2>, sta:<10,0>, prof:1, snd_ch_cfg:0x0[0m
[0;32mI (823) wifi:state: init -> auth (0xb0)[0m
[0;32mI (2033) wifi:state: auth -> init (0x600)[0m
[0;32mI (2103) wifi:new:<10,0>, old:<10,0>, ap:<10,2>, sta:<10,0>, prof:1, snd_ch_cfg:0x0[0m
[0;32mI (2113) ESP_WEB: WiFi disconnected[0m
[0;32mI (2113) WIFI: Đang ở chế độ AP + STA [0m
[0;33mW (2633) DHT11: Doc DHT11 that bai[0m
ets Jul 29 2019 12:21:46

rst:0x1 (POWERON_RESET),boot:0x17 (SPI_FAST_FLASH_BOOT)
configsip: 153911750, SPIWP:0xee
clk_drv:0x00,q_drv:0x00,d_drv:0x00,cs0_drv:0x00,hd_drv:0x00,wp_drv:0x00
mode:DIO, clock div:2
load:0x3fff0030,len:6276
load:0x40078000,len:15736
load:0x40080400,len:4
load:0x40080404,len:3860
entry 0x4008063c
[0;32mI (30) boot: ESP-IDF v5.4.2 2nd stage bootloader[0m
[0;32mI (30) boot: compile time Mar 30 2026 22:25:37[0m
[0;32mI (30) boot: Multicore bootloader[0m
[0;32mI (31) boot: chip revision: v3.1[0m
[0;32mI (34) boot.esp32: SPI Speed      : 40MHz[0m
[0;32mI (38) boot.esp32: SPI Mode       : DIO[0m
[0;32mI (42) boot.esp32: SPI Flash Size : 2MB[0m
[0;32mI (45) boot: Enabling RNG early entropy source...[0m
[0;32mI (50) boot: Partition Table:[0m
[0;32mI (52) boot: ## Label            Usage          Type ST Offset   Length[0m
[0;32mI (59) boot:  0 nvs              WiFi data        01 02 00009000 00006000[0m
[0;32mI (65) boot:  1 phy_init         RF data          01 01 0000f000 00001000[0m
[0;32mI (72) boot:  2 factory          factory app      00 00 00010000 00100000[0m
[0;32mI (78) boot: End of partition table[0m
[0;32mI (81) esp_image: segment 0: paddr=00010020 vaddr=3f400020 size=2506ch (151660) map[0m
[0;32mI (141) esp_image: segment 1: paddr=00035094 vaddr=3ff80000 size=0001ch (    28) load[0m
[0;32mI (141) esp_image: segment 2: paddr=000350b8 vaddr=3ffb0000 size=03ff8h ( 16376) load[0m
[0;32mI (151) esp_image: segment 3: paddr=000390b8 vaddr=40080000 size=06f60h ( 28512) load[0m
[0;32mI (163) esp_image: segment 4: paddr=00040020 vaddr=400d0020 size=a8d40h (691520) map[0m
[0;32mI (400) esp_image: segment 5: paddr=000e8d68 vaddr=40086f60 size=10c44h ( 68676) load[0m
[0;32mI (427) esp_image: segment 6: paddr=000f99b4 vaddr=50000000 size=00738h (  1848) load[0m
[0;32mI (439) boot: Loaded app from partition at offset 0x10000[0m
[0;32mI (440) boot: Disabling RNG early entropy source...[0m
[0;32mI (450) cpu_start: Multicore app[0m
[0;32mI (458) cpu_start: Pro cpu start user code[0m
[0;32mI (459) cpu_start: cpu freq: 160000000 Hz[0m
[0;32mI (459) app_init: Application information:[0m
[0;32mI (459) app_init: Project name:     main[0m
[0;32mI (462) app_init: App version:      1[0m
[0;32mI (466) app_init: Compile time:     Mar 30 2026 21:46:47[0m
[0;32mI (471) app_init: ELF file SHA256:  b01940ecd...[0m
[0;32mI (475) app_init: ESP-IDF:          v5.4.2[0m
[0;32mI (479) efuse_init: Min chip rev:     v0.0[0m
[0;32mI (483) efuse_init: Max chip rev:     v3.99 [0m
[0;32mI (487) efuse_init: Chip rev:         v3.1[0m
[0;32mI (491) heap_init: Initializing. RAM available for dynamic allocation:[0m
[0;32mI (497) heap_init: At 3FFAE6E0 len 00001920 (6 KiB): DRAM[0m
[0;32mI (502) heap_init: At 3FFB8F40 len 000270C0 (156 KiB): DRAM[0m
[0;32mI (507) heap_init: At 3FFE0440 len 00003AE0 (14 KiB): D/IRAM[0m
[0;32mI (513) heap_init: At 3FFE4350 len 0001BCB0 (111 KiB): D/IRAM[0m
[0;32mI (518) heap_init: At 40097BA4 len 0000845C (33 KiB): IRAM[0m
[0;32mI (525) spi_flash: detected chip: gd[0m
[0;32mI (527) spi_flash: flash io: dio[0m
[0;33mW (529) spi_flash: Detected size(8192k) larger than the size in the binary image header(2048k). Using the size in the binary image header.[0m
[0;32mI (543) main_task: Started on CPU0[0m
[0;32mI (553) main_task: Calling app_main()[0m
[0;32mI (553) gpio: GPIO[0]| InputEn: 1| OutputEn: 0| OpenDrain: 0| Pullup: 1| Pulldown: 0| Intr:0 [0m
[0;32mI (603) wifi:wifi driver task: 3ffc453c, prio:23, stack:6656, core=0[0m
[0;33mW (613) DHT11: Doc DHT11 that bai[0m
[0;32mI (613) wifi:wifi firmware version: bea31f3[0m
[0;32mI (623) wifi:wifi certification version: v7.0[0m
[0;32mI (623) wifi:config NVS flash: enabled[0m
[0;32mI (623) wifi:config nano formatting: disabled[0m
[0;32mI (623) wifi:Init data frame dynamic rx buffer num: 32[0m
[0;32mI (623) wifi:Init static rx mgmt buffer num: 5[0m
[0;32mI (633) wifi:Init management short buffer num: 32[0m
[0;32mI (633) wifi:Init dynamic tx buffer num: 32[0m
[0;32mI (643) wifi:Init static rx buffer size: 1600[0m
[0;32mI (643) wifi:Init static rx buffer num: 10[0m
[0;32mI (643) wifi:Init dynamic rx buffer num: 32[0m
[0;32mI (653) wifi_init: rx ba win: 6[0m
[0;32mI (653) wifi_init: accept mbox: 6[0m
[0;32mI (653) wifi_init: tcpip mbox: 32[0m
[0;32mI (663) wifi_init: udp mbox: 6[0m
[0;32mI (663) wifi_init: tcp mbox: 6[0m
[0;32mI (663) wifi_init: tcp tx win: 5760[0m
[0;32mI (673) wifi_init: tcp rx win: 5760[0m
[0;32mI (673) wifi_init: tcp mss: 1440[0m
[0;32mI (673) wifi_init: WiFi IRAM OP enabled[0m
[0;32mI (683) wifi_init: WiFi RX IRAM OP enabled[0m
[0;32mI (693) phy_init: phy_version 4860,6b7a6e5,Feb  6 2025,14:47:07[0m
[0;32mI (763) wifi:mode : sta (8c:4f:00:a2:bf:60) + softAP (8c:4f:00:a2:bf:61)[0m
[0;32mI (773) wifi:enable tsf[0m
[0;32mI (773) wifi:Total power save buffer number: 16[0m
[0;32mI (773) wifi:Init max length of beacon: 752/752[0m
[0;32mI (773) wifi:Init max length of beacon: 752/752[0m
[0;32mI (783) ESP_WEB:  WiFi AP started. SSID: Smart Home Device [0m
[0;32mI (783) esp_netif_lwip: DHCP server started on interface WIFI_AP_DEF with IP: 192.168.4.1[0m
[0;32mI (793) wifi:ap channel adjust o:1,1 n:10,2[0m
[0;32mI (793) ESP_WEB:  Web server started! Connect to WiFi AP 'Smart home device' and open http://192.168.4.1/[0m
[0;32mI (793) wifi:new:<10,0>, old:<1,1>, ap:<10,2>, sta:<10,0>, prof:1, snd_ch_cfg:0x0[0m
[0;32mI (813) wifi:state: init -> auth (0xb0)[0m
_RESET),boot:0x17 (SPI_FAST_FLASH_BOOT)
configsip: 153911750, SPIWP:0xee
clk_drv:0x00,q_drv:0x00,d_drv:0x00,cs0_drv:0x00,hd_drv:0x00,wp_drv:0x00
mode:DIO, clock div:2
load:0x3fff0030,len:6276
load:0x40078000,len:15736
load:0x40080400,len:4
load:0x40080404,len:3860
entry 0x4008063c
[0;32mI (30) boot: ESP-IDF v5.4.2 2nd stage bootloader[0m
[0;32mI (30) boot: compile time Mar 30 2026 22:25:37[0m
[0;32mI (30) boot: Multicore bootloader[0m
[0;32mI (31) boot: chip revision: v3.1[0m
[0;32mI (34) boot.esp32: SPI Speed      : 40MHz[0m
[0;32mI (38) boot.esp32: SPI Mode       : DIO[0m
[0;32mI (42) boot.esp32: SPI Flash Size : 2MB[0m
[0;32mI (45) boot: Enabling RNG early entropy source...[0m
[0;32mI (50) boot: Partition Table:[0m
[0;32mI (52) boot: ## Label            Usage          Type ST Offset   Length[0m
[0;32mI (59) boot:  0 nvs              WiFi data        01 02 00009000 00006000[0m
[0;32mI (65) boot:  1 phy_init         RF data          01 01 0000f000 00001000[0m
[0;32mI (72) boot:  2 factory          factory app      00 00 00010000 00100000[0m
[0;32mI (78) boot: End of partition table[0m
[0;32mI (81) esp_image: segment 0: paddr=00010020 vaddr=3f400020 size=2506ch (151660) map[0m
[0;32mI (141) esp_image: segment 1: paddr=00035094 vaddr=3ff80000 size=0001ch (    28) load[0m
[0;32mI (141) esp_image: segment 2: paddr=000350b8 vaddr=3ffb0000 size=03ff8h ( 16376) load[0m
[0;32mI (151) esp_image: segment 3: paddr=000390b8 vaddr=40080000 size=06f60h ( 28512) load[0m
[0;32mI (163) esp_image: segment 4: paddr=00040020 vaddr=400d0020 size=a8d40h (691520) map[0m
[0;32mI (400) esp_image: segment 5: paddr=000e8d68 vaddr=40086f60 size=10c44h ( 68676) load[0m
[0;32mI (427) esp_image: segment 6: paddr=000f99b4 vaddr=50000000 size=00738h (  1848) load[0m
[0;32mI (439) boot: Loaded app from partition at offset 0x10000[0m
[0;32mI (440) boot: Disabling RNG early entropy source...[0m
[0;32mI (450) cpu_start: Multicore app[0m
[0;32mI (458) cpu_start: Pro cpu start user code[0m
[0;32mI (458) cpu_start: cpu freq: 160000000 Hz[0m
[0;32mI (459) app_init: Application information:[0m
[0;32mI (459) app_init: Project name:     main[0m
[0;32mI (462) app_init: App version:      1[0m
[0;32mI (466) app_init: Compile time:     Mar 30 2026 21:46:47[0m
[0;32mI (471) app_init: ELF file SHA256:  b01940ecd...[0m
[0;32mI (475) app_init: ESP-IDF:          v5.4.2[0m
[0;32mI (479) efuse_init: Min chip rev:     v0.0[0m
[0;32mI (483) efuse_init: Max chip rev:     v3.99 [0m
[0;32mI (487) efuse_init: Chip rev:         v3.1[0m
[0;32mI (491) heap_init: Initializing. RAM available for dynamic allocation:[0m
[0;32mI (497) heap_init: At 3FFAE6E0 len 00001920 (6 KiB): DRAM[0m
[0;32mI (502) heap_init: At 3FFB8F40 len 000270C0 (156 KiB): DRAM[0m
[0;32mI (507) heap_init: At 3FFE0440 len 00003AE0 (14 KiB): D/IRAM[0m
[0;32mI (512) heap_init: At 3FFE4350 len 0001BCB0 (111 KiB): D/IRAM[0m
[0;32mI (518) heap_init: At 40097BA4 len 0000845C (33 KiB): IRAM[0m
[0;32mI (525) spi_flash: detected chip: gd[0m
[0;32mI (526) spi_flash: flash io: dio[0m
[0;33mW (529) spi_flash: Detected size(8192k) larger than the size in the binary image header(2048k). Using the size in the binary image header.[0m
[0;32mI (543) main_task: Started on CPU0[0m
[0;32mI (553) main_task: Calling app_main()[0m
[0;32mI (553) gpio: GPIO[0]| InputEn: 1| OutputEn: 0| OpenDrain: 0| Pullup: 1| Pulldown: 0| Intr:0 [0m
[0;32mI (603) wifi:wifi driver task: 3ffc453c, prio:23, stack:6656, core=0[0m
[0;33mW (613) DHT11: Doc DHT11 that bai[0m
[0;32mI (613) wifi:wifi firmware version: bea31f3[0m
[0;32mI (613) wifi:wifi certification version: v7.0[0m
[0;32mI (623) wifi:config NVS flash: enabled[0m
[0;32mI (623) wifi:config nano formatting: disabled[0m
[0;32mI (623) wifi:Init data frame dynamic rx buffer num: 32[0m
[0;32mI (623) wifi:Init static rx mgmt buffer num: 5[0m
[0;32mI (633) wifi:Init management short buffer num: 32[0m
[0;32mI (633) wifi:Init dynamic tx buffer num: 32[0m
[0;32mI (643) wifi:Init static rx buffer size: 1600[0m
[0;32mI (643) wifi:Init static rx buffer num: 10[0m
[0;32mI (643) wifi:Init dynamic rx buffer num: 32[0m
[0;32mI (653) wifi_init: rx ba win: 6[0m
[0;32mI (653) wifi_init: accept mbox: 6[0m
[0;32mI (653) wifi_init: tcpip mbox: 32[0m
[0;32mI (663) wifi_init: udp mbox: 6[0m
[0;32mI (663) wifi_init: tcp mbox: 6[0m
[0;32mI (663) wifi_init: tcp tx win: 5760[0m
[0;32mI (673) wifi_init: tcp rx win: 5760[0m
[0;32mI (673) wifi_init: tcp mss: 1440[0m
[0;32mI (673) wifi_init: WiFi IRAM OP enabled[0m
[0;32mI (683) wifi_init: WiFi RX IRAM OP enabled[0m
[0;32mI (693) phy_init: phy_version 4860,6b7a6e5,Feb  6 2025,14:47:07[0m
ets Jul 29 2019 12:21:46

rst:0x1 (POWERON_RESET),boot:0x17 (SPI_FAST_FLASH_BOOT)
configsip: 153911750, SPIWP:0xee
clk_drv:0x00,q_drv:0x00,d_drv:0x00,cs0_drv:0x00,hd_drv:0x00,wp_drv:0x00
mode:DIO, clock div:2
load:0x3fff0030,len:6276
load:0x40078000,len:15736
load:0x40080400,len:4
load:0x40080404,len:3860
entry 0x4008063c
[0;32mI (30) boot: ESP-IDF v5.4.2 2nd stage bootloader[0m
[0;32mI (30) boot: compile time Mar 30 2026 22:25:37[0m
[0;32mI (30) boot: Multicore bootloader[0m
[0;32mI (31) boot: chip revision: v3.1[0m
[0;32mI (34) boot.esp32: SPI Speed      : 40MHz[0m
[0;32mI (38) boot.esp32: SPI Mode       : DIO[0m
[0;32mI (42) boot.esp32: SPI Flash Size : 2MB[0m
[0;32mI (45) boot: Enabling RNG early entropy source...[0m
[0;32mI (50) boot: Partition Table:[0m
[0;32mI (52) boot: ## Label            Usage          Type ST Offset   Length[0m
[0;32mI (59) boot:  0 nvs              WiFi data        01 02 00009000 00006000[0m
[0;32mI (65) boot:  1 phy_init         RF data          01 01 0000f000 00001000[0m
[0;32mI (72) boot:  2 factory          factory app      00 00 00010000 00100000[0m
[0;32mI (78) boot: End of partition table[0m
[0;32mI (81) esp_image: segment 0: paddr=00010020 vaddr=3f400020 size=2506ch (151660) map[0m
[0;32mI (141) esp_image: segment 1: paddr=00035094 vaddr=3ff80000 size=0001ch (    28) load[0m
[0;32mI (141) esp_image: segment 2: paddr=000350b8 vaddr=3ffb0000 size=03ff8h ( 16376) load[0m
[0;32mI (151) esp_image: segment 3: paddr=000390b8 vaddr=40080000 size=06f60h ( 28512) load[0m
[0;32mI (163) esp_image: segment 4: paddr=00040020 vaddr=400d0020 size=a8d40h (691520) map[0m
[0;32mI (400) esp_image: segment 5: paddr=000e8d68 vaddr=40086f60 size=10c44h ( 68676) load[0m
[0;32mI (427) esp_image: segment 6: paddr=000f99b4 vaddr=50000000 size=00738h (  1848) load[0m
[0;32mI (439) boot: Loaded app from partition at offset 0x10000[0m
[0;32mI (440) boot: Disabling RNG early entropy source...[0m
[0;32mI (450) cpu_start: Multicore app[0m
[0;32mI (458) cpu_start: Pro cpu start user code[0m
[0;32mI (459) cpu_start: cpu freq: 160000000 Hz[0m
[0;32mI (459) app_init: Application information:[0m
[0;32mI (459) app_init: Project name:     main[0m
[0;32mI (462) app_init: App version:      1[0m
[0;32mI (466) app_init: Compile time:     Mar 30 2026 21:46:47[0m
[0;32mI (471) app_init: ELF file SHA256:  b01940ecd...[0m
[0;32mI (475) app_init: ESP-IDF:          v5.4.2[0m
[0;32mI (479) efuse_init: Min chip rev:     v0.0[0m
[0;32mI (483) efuse_init: Max chip rev:     v3.99 [0m
[0;32mI (487) efuse_init: Chip rev:         v3.1[0m
[0;32mI (491) heap_init: Initializing. RAM available for dynamic allocation:[0m
[0;32mI (497) heap_init: At 3FFAE6E0 len 00001920 (6 KiB): DRAM[0m
[0;32mI (502) heap_init: At 3FFB8F40 len 000270C0 (156 KiB): DRAM[0m
[0;32mI (507) heap_init: At 3FFE0440 len 00003AE0 (14 KiB): D/IRAM[0m
[0;32mI (513) heap_init: At 3FFE4350 len 0001BCB0 (111 KiB): D/IRAM[0m
[0;32mI (518) heap_init: At 40097BA4 len 0000845C (33 KiB): IRAM[0m
[0;32mI (525) spi_flash: detected chip: gd[0m
[0;32mI (526) spi_flash: flash io: dio[0m
[0;33mW (529) spi_flash: Detected size(8192k) larger than the size in the binary image header(2048k). Using the size in the binary image header.[0m
[0;32mI (543) main_task: Started on CPU0[0m
[0;32mI (553) main_task: Calling app_main()[0m
[0;32mI (553) gpio: GPIO[0]| InputEn: 1| OutputEn: 0| OpenDrain: 0| Pullup: 1| Pulldown: 0| Intr:0 [0m
[0;32mI (603) wifi:wifi driver task: 3ffc453c, prio:23, stack:6656, core=0[0m
[0;33mW (613) DHT11: Doc DHT11 that bai[0m
[0;32mI (613) wifi:wifi firmware version: bea31f3[0m
[0;32mI (613) wifi:wifi certification version: v7.0[0m
[0;32mI (623) wifi:config NVS flash: enabled[0m
[0;32mI (623) wifi:config nano formatting: disabled[0m
[0;32mI (623) wifi:Init data frame dynamic rx buffer num: 32[0m
[0;32mI (623) wifi:Init static rx mgmt buffer num: 5[0m
[0;32mI (633) wifi:Init management short buffer num: 32[0m
[0;32mI (633) wifi:Init dynamic tx buffer num: 32[0m
[0;32mI (643) wifi:Init static rx buffer size: 1600[0m
[0;32mI (643) wifi:Init static rx buffer num: 10[0m
[0;32mI (643) wifi:Init dynamic rx buffer num: 32[0m
[0;32mI (653) wifi_init: rx ba win: 6[0m
[0;32mI (653) wifi_init: accept mbox: 6[0m
[0;32mI (653) wifi_init: tcpip mbox: 32[0m
[0;32mI (663) wifi_init: udp mbox: 6[0m
[0;32mI (663) wifi_init: tcp mbox: 6[0m
[0;32mI (663) wifi_init: tcp tx win: 5760[0m
[0;32mI (673) wifi_init: tcp rx win: 5760[0m
[0;32mI (673) wifi_init: tcp mss: 1440[0m
[0;32mI (673) wifi_init: WiFi IRAM OP enabled[0m
[0;32mI (683) wifi_init: WiFi RX IRAM OP enabled[0m
[0;32mI (693) phy_init: phy_version 4860,6b7a6e5,Feb  6 2025,14:47:07[0m
[0;32mI (773) wifi:mode : sta (8c:4f:00:a2:bf:60) + softAP (8c:4f:00:a2:bf:61)[0m
[0;32mI (773) wifi:enable tsf[0m
[0;32mI (773) wifi:Total power save buffer number: 16[0m
[0;32mI (773) wifi:Init max lengho beacon: 752/752[0m
[0;32mI (773) wfi:Init max length of beacon: 752/752[0m
[0;32mI (783) ESP_WEB:  WiFi AP started. SSID: Smart Home Device [0m
[0;32mI (783) esp_netif_lwip: DHCP server started on interface WIFI_AP_DEF with IP: 192.168.4.1[0m
[0;32mI (793) wifi:ap channel adjust o:1,1 n:10,2[0m
[0;32mI (793) ESP_WEB:  Web server started! Connect to WiFi AP 'Smart home device' and open http://192.168.4.1/[0m
[0;32mI (793) wifi:new:<10,0>, old:<1,1>, ap:<10,2>, sta:<10,0>, prof:1, snd_ch_cfg:0x0[0m
[0;32mI (813) wifi:state: init -> auth (0xb0)[0m
[0;32mI (2023) wifi:state: auth -> assoc (0x0)[0m
[0;32mI (2043) wifi:state: assoc -> run (0x10)[0m
[0;32mI (2073) wifi:connected with ABC, aid = 11, channel 10, BW20, bssid = 56:48:91:22:b9:e9[0m
[0;32mI (2073) wifi:security: WPA3-SAE, phy: bgn, rssi: -41[0m
[0;32mI (2073) wifi:pm start, type: 1[0m

[0;32mI (2083) wifi:dp: 1, bi: 12400, li: 3, scale listen interval from 307200 us to 307200 us[0m
connected to wifi successful
[0;32mI (2113) wifi:dp: 2 b: 10240, li: 4, scale listen interval from 307200 us to 409600 us[0m
[0;32mI (2113) wifi:AP's beacon interval = 102400 us, DTIM period = 2[0m
[0;33mW (2633) DHT11: Doc DHT11 that bai[0m
[0;32mI (3133) ESP_WEB: Got IP - Disabling AP interface[0m
ets Jul 29 2019 12:21:46

rst:0x1 (POWERON_RESET),boot:0x17 (SPI_FAST_FLASH_BOOT)
configsip: 153911750, SPIWP:0xee
clk_drv:0x00,q_drv:0x00,d_drv:0x00,cs0_drv:0x00,hd_drv:0x00,wp_drv:0x00
mode:DIO, clock div:2
load:0x3fff0030,len:6276
load:0x40078000,len:15736
load:0x40080400,len:4
load:0x40080404,len:3860
entry 0x4008063c
[0;32mI (30) boot: ESP-IDF v5.4.2 2nd stage bootloader[0m
[0;32mI (30) boot: compile time Mar 30 2026 22:25:37[0m
[0;32mI (30) boot: Multicore bootloader[0m
[0;32mI (31) boot: chip revision: v3.1[0m
[0;32mI (34) boot.esp32: SPI Speed      : 40MHz[0m
[0;32mI (38) boot.esp32: SPI Mode       : DIO[0m
[0;32mI (42) boot.esp32: SPI Flash Size : 2MB[0m
[0;32mI (45) boot: Enabling RNG early entropy source...[0m
[0;32mI (50) boot: Partition Table:[0m
[0;32mI (52) boot: ## Label            Usage          Type ST Offset   Length[0m
[0;32mI (59) boot:  0 nvs              WiFi data        01 02 00009000 00006000[0m
[0;32mI (65) boot:  1 phy_init         RF data          01 01 0000f000 00001000[0m
[0;32mI (72) boot:  2 factory          factory app      00 00 00010000 00100000[0m
[0;32mI (78) boot: End of partition table[0m
[0;32mI (81) esp_image: segment 0: paddr=00010020 vaddr=3f400020 size=2506ch (151660) map[0m
[0;32mI (141) esp_image: segment 1: paddr=00035094 vaddr=3ff80000 size=0001ch (    28) load[0m
[0;32mI (141) esp_image: segment 2: paddr=000350b8 vaddr=3ffb0000 size=03ff8h ( 16376) load[0m
[0;32mI (151) esp_image: segment 3: paddr=000390b8 vaddr=40080000 size=06f60h ( 28512) load[0m
[0;32mI (163) esp_image: segment 4: paddr=00040020 vaddr=400d0020 size=a8d40h (691520) map[0m
[0;32mI (400) esp_image: segment 5: paddr=000e8d68 vaddr=40086f60 size=10c44h ( 68676) load[0m
[0;32mI (427) esp_image: segment 6: paddr=000f99b4 vaddr=50000000 size=00738h (  1848) load[0m
[0;32mI (439) boot: Loaded app from partition at offset 0x10000[0m
[0;32mI (440) boot: Disabling RNG early entropy source...[0m
[0;32mI (450) cpu_start: Multicore app[0m
[0;32mI (458) cpu_start: Pro cpu start user code[0m
[0;32mI (458) cpu_start: cpu freq: 160000000 Hz[0m
[0;32mI (459) app_init: Application information:[0m
[0;32mI (459) app_init: Project name:     main[0m
[0;32mI (462) app_init: App version:      1[0m
[0;32mI (466) app_init: Compile time:     Mar 30 2026 21:46:47[0m
[0;32mI (471) app_init: ELF file SHA256:  b01940ecd...[0m
[0;32mI (475) app_init: ESP-IDF:          v5.4.2[0m
[0;32mI (479) efuse_init: Min chip rev:     v0.0[0m
[0;32mI (483) efuse_init: Max chip rev:     v3.99 [0m
[0;32mI (487) efuse_init: Chip rev:         v3.1[0m
[0;32mI (491) heap_init: Initializing. RAM available for dynamic allocation:[0m
[0;32mI (497) heap_init: At 3FFAE6E0 len 00001920 (6 KiB): DRAM[0m
[0;32mI (502) heap_init: At 3FFB8F40 len 000270C0 (156 KiB): DRAM[0m
[0;32mI (507) heap_init: At 3FFE0440 len 00003AE0 (14 KiB): D/IRAM[0m
[0;32mI (512) heap_init: At 3FFE4350 len 0001BCB0 (111 KiB): D/IRAM[0m
[0;32mI (518) heap_init: At 40097BA4 len 0000845C (33 KiB): IRAM[0m
[0;32mI (525) spi_flash: detected chip: gd[0m
[0;32mI (526) spi_flash: flash io: dio[0m
[0;33mW (529) spi_flash: Detected size(8192k) larger than the size in the binary image header(2048k). Using the size in the binary image header.[0m
[0;32mI (543) main_task: Started on CPU0[0m
[0;32mI (553) main_task: Calling app_main()[0m
[0;32mI (553) gpio: GPIO[0]| InputEn: 1| OutputEn: 0| OpenDrain: 0| Pullup: 1| Pulldown: 0| Intr:0 [0m
[0;32mI (603) wifi:wifi driver task: 3ffc453c, prio:23, stack:6656, core=0[0m
[0;33mW (613) DHT11: Doc DHT11 that bai[0m
[0;32mI (613) wifi:wifi firmware version: bea31f3[0m
[0;32mI (613) wifi:wifi certification version: v7.0[0m
[0;32mI (623) wifi:config NVS flash: enabled[0m
[0;32mI (623) wifi:config nano formatting: disabled[0m
[0;32mI (623) wifi:Init data frame dynamic rx buffer num: 32[0m
[0;32mI (623) wifi:Init static rx mgmt buffer num: 5[0m
[0;32mI (633) wifi:Init management short buffer num: 32[0m
[0;32mI (633) wifi:Init dynamic tx buffer num: 32[0m
[0;32mI (643) wifi:Init static rx buffer size: 1600[0m
[0;32mI (643) wifi:Init static rx buffer num: 10[0m
[0;32mI (643) wifi:Init dynamic rx buffer num: 32[0m
[0;32mI (653) wifi_init: rx ba win: 6[0m
[0;32mI (653) wifi_init: accept mbox: 6[0m
[0;32mI (653) wifi_init: tcpip mbox: 32[0m
[0;32mI (663) wifi_init: udp mbox: 6[0m
[0;32mI (663) wifi_init: tcp mbox: 6[0m
[0;32mI (663) wifi_init: tcp tx win: 5760[0m
[0;32mI (673) wifi_init: tcp rx win: 5760[0m
[0;32mI (673) wifi_init: tcp mss: 1440[0m
[0;32mI (673) wifi_init: WiFi IRAM OP enabled[0m
[0;32mI (683) wifi_init: WiFi RX IRAM OP enabled[0m
[0;32mI (693) phy_init: phy_version 4860,6b7a6e5,Feb  6 2025,14:47:07[0m
ets Jul 29 2019 12:21:46

rst:0x1 (POWERON_RESET),boot:0x17 (SPI_FAST_FLASH_BOOT)
configsip: 153911750, SPIWP:0xee
clk_drv:0x00,q_drv:0x00,d_drv:0x00,cs0_drv:0x00,hd_drv:0x00,wp_drv:0x00
mode:DIO, clock div:2
load:0x3fff0030,len:6276
load:0x40078000,len:15736
load:0x40080400,len:4
load:0x40080404,len:3860
entry 0x4008063c
[0;32mI (30) boot: ESP-IDF v5.4.2 2nd stage bootloader[0m
[0;32mI (30) boot: compile time Mar 30 2026 22:25:37[0m
[0;32mI (30) boot: Multicore bootloader[0m
[0;32mI (31) boot: chip revision: v3.1[0m
[0;32mI (34) boot.esp32: SPI Speed      : 40MHz[0m
[0;32mI (38) boot.esp32: SPI Mode       : DIO[0m
[0;32mI (42) boot.esp32: SPI Flash Size : 2MB[0m
[0;32mI (45) boot: Enabling RNG early entropy source...[0m
[0;32mI (50) boot: Partition Table:[0m
[0;32mI (52) boot: ## Label            Usage          Type ST Offset   Length[0m
[0;32mI (59) boot:  0 nvs              WiFi data        01 02 00009000 00006000[0m
[0;32mI (65) boot:  1 phy_init         RF data          01 01 0000f000 00001000[0m
[0;32mI (72) boot:  2 factory          factory app      00 00 00010000 00100000[0m
[0;32mI (78) boot: End of partition table[0m
[0;32mI (81) esp_image: segment 0: paddr=00010020 vaddr=3f400020 size=2506ch (151660) map[0m
[0;32mI (141) esp_image: segment 1: paddr=00035094 vaddr=3ff80000 size=0001ch (    28) load[0m
[0;32mI (141) esp_image: segment 2: paddr=000350b8 vaddr=3ffb0000 size=03ff8h ( 16376) load[0m
[0;32mI (151) esp_image: segment 3: paddr=000390b8 vaddr=40080000 size=06f60h ( 28512) load[0m
[0;32mI (163) esp_image: segment 4: paddr=00040020 vaddr=400d0020 size=a8d40h (691520) map[0m
[0;32mI (400) esp_image: segment 5: paddr=000e8d68 vaddr=40086f60 size=10c44h ( 68676) load[0m
[0;32mI (427) esp_image: segment 6: paddr=000f99b4 vaddr=50000000 size=00738h (  1848) load[0m
[0;32mI (439) boot: Loaded app from partition at offset 0x10000[0m
[0;32mI (440) boot: Disabling RNG early entropy source...[0m
[0;32mI (450) cpu_start: Multicore app[0m
[0;32mI (458) cpu_start: Pro cpu start user code[0m
[0;32mI (459) cpu_start: cpu freq: 160000000 Hz[0m
[0;32mI (459) app_init: Application information:[0m
[0;32mI (459) app_init: Project name:     main[0m
[0;32mI (462) app_init: App version:      1[0m
[0;32mI (466) app_init: Compile time:     Mar 30 2026 21:46:47[0m
[0;32mI (471) app_init: ELF file SHA256:  b01940ecd...[0m
[0;32mI (475) app_init: ESP-IDF:          v5.4.2[0m
[0;32mI (479) efuse_init: Min chip rev:     v0.0[0m
[0;32mI (483) efuse_init: Max chip rev:     v3.99 [0m
[0;32mI (487) efuse_init: Chip rev:         v3.1[0m
[0;32mI (491) heap_init: Initializing. RAM available for dynamic allocation:[0m
[0;32mI (497) heap_init: At 3FFAE6E0 len 00001920 (6 KiB): DRAM[0m
[0;32mI (502) heap_init: At 3FFB8F40 len 000270C0 (156 KiB): DRAM[0m
[0;32mI (507) heap_init: At 3FFE0440 len 00003AE0 (14 KiB): D/IRAM[0m
[0;32mI (513) heap_init: At 3FFE4350 len 0001BCB0 (111 KiB): D/IRAM[0m
[0;32mI (518) heap_init: At 40097BA4 len 0000845C (33 KiB): IRAM[0m
[0;32mI (525) spi_flash: detected chip: gd[0m
[0;32mI (526) spi_flash: flash io: dio[0m
[0;33mW (529) spi_flash: Detected size(8192k) larger than the size in the binary image header(2048k). Using the size in the binary image header.[0m
[0;32mI (543) main_task: Started on CPU0[0m
[0;32mI (553) main_task: Calling app_main()[0m
[0;32mI (553) gpio: GPIO[0]| InputEn: 1| OutputEn: 0| OpenDrain: 0| Pullup: 1| Pulldown: 0| Intr:0 [0m
[0;32mI (603) wifi:wifi driver task: 3ffc453c, prio:23, stack:6656, core=0[0m
[0;33mW (613) DHT11: Doc DHT11 that bai[0m
[0;32mI (613) wifi:wifi firmware version: bea31f3[0m
[0;32mI (613) wifi:wifi certification version: v7.0[0m
[0;32mI (623) wifi:config NVS flash: enabled[0m
[0;32mI (623) wifi:config nano formatting: disabled[0m
[0;32mI (623) wifi:Init data frame dynamic rx buffer num: 32[0m
[0;32mI (623) wifi:Init static rx mgmt buffer num: 5[0m
[0;32mI (633) wifi:Init management short buffer num: 32[0m
[0;32mI (633) wifi:Init dynamic tx buffer num: 32[0m
[0;32mI (643) wifi:Init static rx buffer size: 1600[0m
[0;32mI (643) wifi:Init static rx buffer num: 10[0m
[0;32mI (643) wifi:Init dynamic rx buffer num: 32[0m
[0;32mI (653) wifi_init: rx ba win: 6[0m
[0;32mI (653) wifi_init: accept mbox: 6[0m
[0;32mI (653) wifi_init: tcpip mbox: 32[0m
[0;32mI (663) wifi_init: udp mbox: 6[0m
[0;32mI (663) wifi_init: tcp mbox: 6[0m
[0;32mI (663) wifi_init: tcp tx win: 5760[0m
[0;32mI (673) wifi_init: tcp rx win: 5760[0m
[0;32mI (673) wifi_init: tcp mss: 1440[0m
[0;32mI (673) wifi_init: WiFi IRAM OP enabled[0m
[0;32mI (683) wifi_init: WiFi RX IRAM OP enabled[0m
[0;32mI (693) phy_init: phy_version 4860,6b7a6e5,Feb  6 2025,14:47:07[0m
ets Jul 29 2019 12:21:46

rst:0x1 (POWERON_RESET),boot:0x17 (SPI_FAST_FLASH_BOOT)
configsip: 153911750, SPIWP:0xee
clk_drv:0x00,q_drv:0x00,d_drv:0x00,cs0_drv:0x00,hd_drv:0x00,wp_drv:0x00
mode:DIO, clock div:2
load:0x3fff0030,len:6276
load:0x40078000,len:15736
load:0x40080400,len:4
load:0x40080404,len:3860
entry 0x4008063c
[0;32mI (30) boot: ESP-IDF v5.4.2 2nd stage bootloader[0m
[0;32mI (30) boot: compile time Mar 30 2026 22:25:37[0m
[0;32mI (30) boot: Multicore bootloader[0m
[0;32mI (31) boot: chip revision: v3.1[0m
[0;32mI (34) boot.esp32: SPI Speed      : 40MHz[0m
[0;32mI (38) boot.esp32: SPI Mode       : DIO[0m
[0;32mI (42) boot.esp32: SPI Flash Size : 2MB[0m
[0;32mI (45) boot: Enabling RNG early entropy source...[0m
[0;32mI (50) boot: Partition Table:[0m
[0;32mI (52) boot: ## Label            Usage          Type ST Offset   Length[0m
[0;32mI (59) boot:  0 nvs              WiFi data        01 02 00009000 00006000[0m
[0;32mI (65) boot:  1 phy_init         RF data          01 01 0000f000 00001000[0m
[0;32mI (72) boot:  2 factory          factory app      00 00 00010000 00100000[0m
[0;32mI (78) boot: End of partition table[0m
[0;32mI (81) esp_image: segment 0: paddr=00010020 vaddr=3f400020 size=2506ch (151660) map[0m
[0;32mI (141) esp_image: segment 1: paddr=00035094 vaddr=3ff80000 size=0001ch (    28) load[0m
[0;32mI (141) esp_image: segment 2: paddr=000350b8 vaddr=3ffb0000 size=03ff8h ( 16376) load[0m
[0;32mI (151) esp_image: segment 3: paddr=000390b8 vaddr=40080000 size=06f60h ( 28512) load[0m
[0;32mI (163) esp_image: segment 4: paddr=00040020 vaddr=400d0020 size=a8d40h (691520) map[0m
[0;32mI (400) esp_image: segment 5: paddr=000e8d68 vaddr=40086f60 size=10c44h ( 68676) load[0m
[0;32mI (427) esp_image: segment 6: paddr=000f99b4 vaddr=50000000 size=00738h (  1848) load[0m
[0;32mI (439) boot: Loaded app from partition at offset 0x10000[0m
[0;32mI (440) boot: Disabling RNG early entropy source...[0m
[0;32mI (450) cpu_start: Multicore app[0m
[0;32mI (458) cpu_start: Pro cpu start user code[0m
[0;32mI (458) cpu_start: cpu freq: 160000000 Hz[0m
[0;32mI (459) app_init: Application information:[0m
[0;32mI (459) app_init: Project name:     main[0m
[0;32mI (462) app_init: App version:      1[0m
[0;32mI (466) app_init: Compile time:     Mar 30 2026 21:46:47[0m
[0;32mI (471) app_init: ELF file SHA256:  b01940ecd...[0m
[0;32mI (475) app_init: ESP-IDF:          v5.4.2[0m
[0;32mI (479) efuse_init: Min chip rev:     v0.0[0m
[0;32mI (483) efuse_init: Max chip rev:     v3.99 [0m
[0;32mI (487) efuse_init: Chip rev:         v3.1[0m
[0;32mI (491) heap_init: Initializing. RAM available for dynamic allocation:[0m
[0;32mI (497) heap_init: At 3FFAE6E0 len 00001920 (6 KiB): DRAM[0m
[0;32mI (502) heap_init: At 3FFB8F40 len 000270C0 (156 KiB): DRAM[0m
[0;32mI (507) heap_init: At 3FFE0440 len 00003AE0 (14 KiB): D/IRAM[0m
[0;32mI (512) heap_init: At 3FFE4350 len 0001BCB0 (111 KiB): D/IRAM[0m
[0;32mI (518) heap_init: At 40097BA4 len 0000845C (33 KiB): IRAM[0m
[0;32mI (525) spi_flash: detected chip: gd[0m
[0;32mI (526) spi_flash: flash io: dio[0m
[0;33mW (529) spi_flash: Detected size(8192k) larger than the size in the binary image header(2048k). Using the size in the binary image header.[0m
[0;32mI (543) main_task: Started on CPU0[0m
[0;32mI (553) main_task: Calling app_main()[0m
[0;32mI (553) gpio: GPIO[0]| InputEn: 1| OutputEn: 0| OpenDrain: 0| Pullup: 1| Pulldown: 0| Intr:0 [0m
[0;32mI (603) wifi:wifi driver task: 3ffc453c, prio:23, stack:6656, core=0[0m
[0;33mW (613) DHT11: Doc DHT11 that bai[0m
[0;32mI (613) wifi:wifi firmware version: bea31f3[0m
[0;32mI (613) wifi:wifi certification version: v7.0[0m
[0;32mI (623) wifi:config NVS flash: enabled[0m
[0;32mI (623) wifi:config nano formatting: disabled[0m
[0;32mI (623) wifi:Init data frame dynamic rx buffer num: 32[0m
[0;32mI (623) wifi:Init static rx mgmt buffer num: 5[0m
[0;32mI (633) wifi:Init management short buffer num: 32[0m
[0;32mI (633) wifi:Init dynamic tx buffer num: 32[0m
[0;32mI (643) wifi:Init static rx buffer size: 1600[0m
[0;32mI (643) wifi:Init static rx buffer num: 10[0m
[0;32mI (643) wifi:Init dynamic rx buffer num: 32[0m
[0;32mI (653) wifi_init: rx ba win: 6[0m
[0;32mI (653) wifi_init: accept mbox: 6[0m
[0;32mI (653) wifi_init: tcpip mbox: 32[0m
[0;32mI (663) wifi_init: udp mbox: 6[0m
[0;32mI (663) wifi_init: tcp mbox: 6[0m
[0;32mI (663) wifi_init: tcp tx win: 5760[0m
[0;32mI (673) wifi_init: tcp rx win: 5760[0m
[0;32mI (673) wifi_init: tcp mss: 1440[0m
[0;32mI (673) wifi_init: WiFi IRAM OP enabled[0m
[0;32mI (683) wifi_init: WiFi RX IRAM OP enabled[0m
[0;32mI (693) phy_init: phy_version 4860,6b7a6e5,Feb  6 2025,14:47:07[0m
ets Jul 29 2019 12:21:46

rst:0x1 (POWERON_RESET),boot:0x17 (SPI_FAST_FLASH_BOOT)
configsip: 153911750, SPIWP:0xee
clk_drv:0x00,q_drv:0x00,d_drv:0x00,cs0_drv:0x00,hd_drv:0x00,wp_drv:0x00
mode:DIO, clock div:2
load:0x3fff0030,len:6276
load:0x40078000,len:15736
load:0x40080400,len:4
load:0x40080404,len:3860
entry 0x4008063c
[0;32mI (30) boot: ESP-IDF v5.4.2 2nd stage bootloader[0m
[0;32mI (30) boot: compile time Mar 30 2026 22:25:37[0m
[0;32mI (30) boot: Multicore bootloader[0m
[0;32mI (31) boot: chip revision: v3.1[0m
[0;32mI (34) boot.esp32: SPI Speed      : 40MHz[0m
[0;32mI (38) boot.esp32: SPI Mode       : DIO[0m
[0;32mI (42) boot.esp32: SPI Flash Size : 2MB[0m
[0;32mI (45) boot: Enabling RNG early entropy source...[0m
[0;32mI (50) boot: Partition Table:[0m
[0;32mI (52) boot: ## Label            Usage          Type ST Offset   Length[0m
[0;32mI (59) boot:  0 nvs              WiFi data        01 02 00009000 00006000[0m
[0;32mI (65) boot:  1 phy_init         RF data          01 01 0000f000 00001000[0m
[0;32mI (72) boot:  2 factory          factory app      00 00 00010000 00100000[0m
[0;32mI (78) boot: End of partition table[0m
[0;32mI (81) esp_image: segment 0: paddr=00010020 vaddr=3f400020 size=2506ch (151660) map[0m
[0;32mI (141) esp_image: segment 1: paddr=00035094 vaddr=3ff80000 size=0001ch (    28) load[0m
[0;32mI (141) esp_image: segment 2: paddr=000350b8 vaddr=3ffb0000 size=03ff8h ( 16376) load[0m
[0;32mI (151) esp_image: segment 3: paddr=000390b8 vaddr=40080000 size=06f60h ( 28512) load[0m
[0;32mI (163) esp_image: segment 4: paddr=00040020 vaddr=400d0020 size=a8d40h (691520) map[0m
[0;32mI (400) esp_image: segment 5: paddr=000e8d68 vaddr=40086f60 size=10c44h ( 68676) load[0m
[0;32mI (427) esp_image: segment 6: paddr=000f99b4 vaddr=50000000 size=00738h (  1848) load[0m
[0;32mI (439) boot: Loaded app from partition at offset 0x10000[0m
[0;32mI (440) boot: Disabling RNG early entropy source...[0m
[0;32mI (450) cpu_start: Multicore app[0m
[0;32mI (458) cpu_start: Pro cpu start user code[0m
[0;32mI (459) cpu_start: cpu freq: 160000000 Hz[0m
[0;32mI (459) app_init: Application information:[0m
[0;32mI (459) app_init: Project name:     main[0m
[0;32mI (462) app_init: App version:      1[0m
[0;32mI (466) app_init: Compile time:     Mar 30 2026 21:46:47[0m
[0;32mI (471) app_init: ELF file SHA256:  b01940ecd...[0m
[0;32mI (475) app_init: ESP-IDF:          v5.4.2[0m
[0;32mI (479) efuse_init: Min chip rev:     v0.0[0m
[0;32mI (483) efuse_init: Max chip rev:     v3.99 [0m
[0;32mI (487) efuse_init: Chip rev:         v3.1[0m
[0;32mI (491) heap_init: Initializing. RAM available for dynamic allocation:[0m
[0;32mI (497) heap_init: At 3FFAE6E0 len 00001920 (6 KiB): DRAM[0m
[0;32mI (502) heap_init: At 3FFB8F40 len 000270C0 (156 KiB): DRAM[0m
[0;32mI (507) heap_init: At 3FFE0440 len 00003AE0 (14 KiB): D/IRAM[0m
[0;32mI (513) heap_init: At 3FFE4350 len 0001BCB0 (111 KiB): D/IRAM[0m
[0;32mI (518) heap_init: At 40097BA4 len 0000845C (33 KiB): IRAM[0m
[0;32mI (525) spi_flash: detected chip: gd[0m
[0;32mI (527) spi_flash: flash io: dio[0m
[0;33mW (529) spi_flash: Detected size(8192k) larger than the size in the binary image header(2048k). Using the size in the binary image header.[0m
[0;32mI (543) main_task: Started on CPU0[0m
[0;32mI (553) main_task: Calling app_main()[0m
[0;32mI (553) gpio: GPIO[0]| InputEn: 1| OutputEn: 0| OpenDrain: 0| Pullup: 1| Pulldown: 0| Intr:0 [0m
[0;32mI (603) wifi:wifi driver task: 3ffc453c, prio:23, stack:6656, core=0[0m
[0;33mW (613) DHT11: Doc DHT11 that bai[0m
[0;32mI (613) wifi:wifi firmware version: bea31f3[0m
[0;32mI (613) wifi:wifi certification version: v7.0[0m
[0;32mI (623) wifi:config NVS flash: enabled[0m
[0;32mI (623) wifi:config nano formatting: disabled[0m
[0;32mI (623) wifi:Init data frame dynamic rx buffer num: 32[0m
[0;32mI (623) wifi:Init static rx mgmt buffer num: 5[0m
[0;32mI (633) wifi:Init management short buffer num: 32[0m
[0;32mI (633) wifi:Init dynamic tx buffer num: 32[0m
[0;32mI (643) wifi:Init static rx buffer size: 1600[0m
[0;32mI (643) wifi:Init static rx buffer num: 10[0m
[0;32mI (643) wifi:Init dynamic rx buffer num: 32[0m
[0;32mI (653) wifi_init: rx ba win: 6[0m
[0;32mI (653) wifi_init: accept mbox: 6[0m
[0;32mI (653) wifi_init: tcpip mbox: 32[0m
[0;32mI (663) wifi_init: udp mbox: 6[0m
[0;32mI (663) wifi_init: tcp mbox: 6[0m
[0;32mI (663) wifi_init: tcp tx win: 5760[0m
[0;32mI (673) wifi_init: tcp rx win: 5760[0m
[0;32mI (673) wifi_init: tcp mss: 1440[0m
[0;32mI (673) wifi_init: WiFi IRAM OP enabled[0m
[0;32mI (683) wifi_init: WiFi RX IRAM OP enabled[0m
[0;32mI (693) phy_init: phy_version 4860,6b7a6e5,Feb  6 2025,14:47:07[0m
